[1.762s] Invoking command in '/home/pikapika/ros2_ws/src/mypkg': CONDA_PROMPT_MODIFIER=(base) PYTHONPATH=/home/pikapika/ros2_ws/src/mypkg/build/mypkg/prefix_override:/usr/lib/python3/dist-packages/colcon_core/task/python/colcon_distutils_commands:/home/pikapika/ros2_ws/src/mypkg/install/mypkg/lib/python3.10/site-packages:${PYTHONPATH} /usr/bin/python3 -W ignore:setup.py install is deprecated -W ignore:easy_install command is deprecated setup.py egg_info --egg-base build/mypkg build --build-base /home/pikapika/ros2_ws/src/mypkg/build/mypkg/build install --record /home/pikapika/ros2_ws/src/mypkg/build/mypkg/install.log --single-version-externally-managed install_data
[2.244s] running egg_info
[2.245s] writing build/mypkg/mypkg.egg-info/PKG-INFO
[2.246s] writing dependency_links to build/mypkg/mypkg.egg-info/dependency_links.txt
[2.246s] writing entry points to build/mypkg/mypkg.egg-info/entry_points.txt
[2.247s] writing requirements to build/mypkg/mypkg.egg-info/requires.txt
[2.247s] writing top-level names to build/mypkg/mypkg.egg-info/top_level.txt
[2.255s] reading manifest file 'build/mypkg/mypkg.egg-info/SOURCES.txt'
[2.258s] writing manifest file 'build/mypkg/mypkg.egg-info/SOURCES.txt'
[2.259s] running build
[2.259s] running build_py
[2.260s] running install
[2.260s] running install_lib
[2.263s] running install_data
[2.264s] running install_egg_info
[2.267s] removing '/home/pikapika/ros2_ws/src/mypkg/install/mypkg/lib/python3.10/site-packages/mypkg-0.0.0-py3.10.egg-info' (and everything under it)
[2.269s] Copying build/mypkg/mypkg.egg-info to /home/pikapika/ros2_ws/src/mypkg/install/mypkg/lib/python3.10/site-packages/mypkg-0.0.0-py3.10.egg-info
[2.273s] running install_scripts
[2.315s] writing list of installed files to '/home/pikapika/ros2_ws/src/mypkg/build/mypkg/install.log'
[2.362s] Invoked command in '/home/pikapika/ros2_ws/src/mypkg' returned '0': CONDA_PROMPT_MODIFIER=(base) PYTHONPATH=/home/pikapika/ros2_ws/src/mypkg/build/mypkg/prefix_override:/usr/lib/python3/dist-packages/colcon_core/task/python/colcon_distutils_commands:/home/pikapika/ros2_ws/src/mypkg/install/mypkg/lib/python3.10/site-packages:${PYTHONPATH} /usr/bin/python3 -W ignore:setup.py install is deprecated -W ignore:easy_install command is deprecated setup.py egg_info --egg-base build/mypkg build --build-base /home/pikapika/ros2_ws/src/mypkg/build/mypkg/build install --record /home/pikapika/ros2_ws/src/mypkg/build/mypkg/install.log --single-version-externally-managed install_data
