[0.662s] DEBUG:colcon:Command line arguments: ['/usr/bin/colcon', 'build']
[0.662s] DEBUG:colcon:Parsed command line arguments: Namespace(log_base=None, log_level=None, verb_name='build', build_base='build', install_base='install', merge_install=False, symlink_install=False, test_result_base=None, continue_on_error=False, executor='parallel', parallel_workers=16, event_handlers=None, ignore_user_meta=False, metas=['./colcon.meta'], base_paths=['.'], packages_ignore=None, packages_ignore_regex=None, paths=None, packages_up_to=None, packages_up_to_regex=None, packages_above=None, packages_above_and_dependencies=None, packages_above_depth=None, packages_select_by_dep=None, packages_skip_by_dep=None, packages_skip_up_to=None, packages_select_build_failed=False, packages_skip_build_finished=False, packages_select_test_failures=False, packages_skip_test_passed=False, packages_select=None, packages_skip=None, packages_select_regex=None, packages_skip_regex=None, packages_start=None, packages_end=None, allow_overriding=[], cmake_args=None, cmake_target=None, cmake_target_skip_unavailable=False, cmake_clean_cache=False, cmake_clean_first=False, cmake_force_configure=False, ament_cmake_args=None, catkin_cmake_args=None, catkin_skip_building_tests=False, verb_parser=<colcon_defaults.argument_parser.defaults.DefaultArgumentsDecorator object at 0x726c53c2b310>, verb_extension=<colcon_core.verb.build.BuildVerb object at 0x726c53da3ee0>, main=<bound method BuildVerb.main of <colcon_core.verb.build.BuildVerb object at 0x726c53da3ee0>>)
[1.473s] Level 1:colcon.colcon_core.package_discovery:discover_packages(colcon_meta) check parameters
[1.474s] Level 1:colcon.colcon_core.package_discovery:discover_packages(recursive) check parameters
[1.474s] Level 1:colcon.colcon_core.package_discovery:discover_packages(ignore) check parameters
[1.474s] Level 1:colcon.colcon_core.package_discovery:discover_packages(path) check parameters
[1.474s] Level 1:colcon.colcon_core.package_discovery:discover_packages(colcon_meta) discover
[1.474s] Level 1:colcon.colcon_core.package_discovery:discover_packages(recursive) discover
[1.474s] INFO:colcon.colcon_core.package_discovery:Crawling recursively for packages in '/home/pikapika/ros2_ws/src/mypkg'
[1.474s] Level 1:colcon.colcon_core.package_identification:_identify(.) by extensions ['ignore', 'ignore_ament_install']
[1.475s] Level 1:colcon.colcon_core.package_identification:_identify(.) by extension 'ignore'
[1.475s] Level 1:colcon.colcon_core.package_identification:_identify(.) by extension 'ignore_ament_install'
[1.475s] Level 1:colcon.colcon_core.package_identification:_identify(.) by extensions ['colcon_pkg']
[1.475s] Level 1:colcon.colcon_core.package_identification:_identify(.) by extension 'colcon_pkg'
[1.475s] Level 1:colcon.colcon_core.package_identification:_identify(.) by extensions ['colcon_meta']
[1.475s] Level 1:colcon.colcon_core.package_identification:_identify(.) by extension 'colcon_meta'
[1.475s] Level 1:colcon.colcon_core.package_identification:_identify(.) by extensions ['ros']
[1.475s] Level 1:colcon.colcon_core.package_identification:_identify(.) by extension 'ros'
[1.521s] DEBUG:colcon.colcon_core.package_identification:Package '.' with type 'ros.ament_python' and name 'mypkg'
[1.521s] Level 1:colcon.colcon_core.package_discovery:discover_packages(recursive) using defaults
[1.521s] Level 1:colcon.colcon_core.package_discovery:discover_packages(ignore) discover
[1.521s] Level 1:colcon.colcon_core.package_discovery:discover_packages(ignore) using defaults
[1.521s] Level 1:colcon.colcon_core.package_discovery:discover_packages(path) discover
[1.521s] Level 1:colcon.colcon_core.package_discovery:discover_packages(path) using defaults
[1.593s] Level 1:colcon.colcon_core.package_discovery:discover_packages(prefix_path) check parameters
[1.593s] Level 1:colcon.colcon_core.package_discovery:discover_packages(prefix_path) discover
[1.604s] DEBUG:colcon.colcon_installed_package_information.package_discovery:Found 1 installed packages in /home/pikapika/ros2_ws/install
[1.610s] DEBUG:colcon.colcon_installed_package_information.package_discovery:Found 271 installed packages in /opt/ros/humble
[1.614s] Level 1:colcon.colcon_core.package_discovery:discover_packages(prefix_path) using defaults
[1.852s] Level 5:colcon.colcon_core.verb:set package 'mypkg' build argument 'cmake_args' from command line to 'None'
[1.852s] Level 5:colcon.colcon_core.verb:set package 'mypkg' build argument 'cmake_target' from command line to 'None'
[1.853s] Level 5:colcon.colcon_core.verb:set package 'mypkg' build argument 'cmake_target_skip_unavailable' from command line to 'False'
[1.853s] Level 5:colcon.colcon_core.verb:set package 'mypkg' build argument 'cmake_clean_cache' from command line to 'False'
[1.853s] Level 5:colcon.colcon_core.verb:set package 'mypkg' build argument 'cmake_clean_first' from command line to 'False'
[1.853s] Level 5:colcon.colcon_core.verb:set package 'mypkg' build argument 'cmake_force_configure' from command line to 'False'
[1.853s] Level 5:colcon.colcon_core.verb:set package 'mypkg' build argument 'ament_cmake_args' from command line to 'None'
[1.853s] Level 5:colcon.colcon_core.verb:set package 'mypkg' build argument 'catkin_cmake_args' from command line to 'None'
[1.853s] Level 5:colcon.colcon_core.verb:set package 'mypkg' build argument 'catkin_skip_building_tests' from command line to 'False'
[1.853s] DEBUG:colcon.colcon_core.verb:Building package 'mypkg' with the following arguments: {'ament_cmake_args': None, 'build_base': '/home/pikapika/ros2_ws/src/mypkg/build/mypkg', 'catkin_cmake_args': None, 'catkin_skip_building_tests': False, 'cmake_args': None, 'cmake_clean_cache': False, 'cmake_clean_first': False, 'cmake_force_configure': False, 'cmake_target': None, 'cmake_target_skip_unavailable': False, 'install_base': '/home/pikapika/ros2_ws/src/mypkg/install/mypkg', 'merge_install': False, 'path': '/home/pikapika/ros2_ws/src/mypkg', 'symlink_install': False, 'test_result_base': None}
[1.853s] INFO:colcon.colcon_core.executor:Executing jobs using 'parallel' executor
[1.855s] DEBUG:colcon.colcon_parallel_executor.executor.parallel:run_until_complete
[1.856s] INFO:colcon.colcon_ros.task.ament_python.build:Building ROS package in '/home/pikapika/ros2_ws/src/mypkg' with build type 'ament_python'
[1.856s] Level 1:colcon.colcon_core.shell:create_environment_hook('mypkg', 'ament_prefix_path')
[1.870s] INFO:colcon.colcon_core.plugin_system:Skipping extension 'colcon_core.shell.bat': Not used on non-Windows systems
[1.870s] INFO:colcon.colcon_core.shell:Creating environment hook '/home/pikapika/ros2_ws/src/mypkg/install/mypkg/share/mypkg/hook/ament_prefix_path.ps1'
[1.874s] INFO:colcon.colcon_core.shell:Creating environment descriptor '/home/pikapika/ros2_ws/src/mypkg/install/mypkg/share/mypkg/hook/ament_prefix_path.dsv'
[1.875s] INFO:colcon.colcon_core.shell:Creating environment hook '/home/pikapika/ros2_ws/src/mypkg/install/mypkg/share/mypkg/hook/ament_prefix_path.sh'
[1.877s] INFO:colcon.colcon_core.shell:Skip shell extension 'powershell' for command environment: Not usable outside of PowerShell
[1.877s] DEBUG:colcon.colcon_core.shell:Skip shell extension 'dsv' for command environment
[2.429s] INFO:colcon.colcon_core.task.python.build:Building Python package in '/home/pikapika/ros2_ws/src/mypkg'
[2.430s] INFO:colcon.colcon_core.shell:Skip shell extension 'powershell' for command environment: Not usable outside of PowerShell
[2.430s] DEBUG:colcon.colcon_core.shell:Skip shell extension 'dsv' for command environment
[3.616s] DEBUG:colcon.colcon_core.event_handler.log_command:Invoking command in '/home/pikapika/ros2_ws/src/mypkg': CONDA_PROMPT_MODIFIER=(base) PYTHONPATH=/home/pikapika/ros2_ws/src/mypkg/build/mypkg/prefix_override:/usr/lib/python3/dist-packages/colcon_core/task/python/colcon_distutils_commands:/home/pikapika/ros2_ws/src/mypkg/install/mypkg/lib/python3.10/site-packages:${PYTHONPATH} /usr/bin/python3 -W ignore:setup.py install is deprecated -W ignore:easy_install command is deprecated setup.py egg_info --egg-base build/mypkg build --build-base /home/pikapika/ros2_ws/src/mypkg/build/mypkg/build install --record /home/pikapika/ros2_ws/src/mypkg/build/mypkg/install.log --single-version-externally-managed install_data
[4.186s] DEBUG:colcon.colcon_core.event_handler.log_command:Invoked command in '/home/pikapika/ros2_ws/src/mypkg' returned '0': CONDA_PROMPT_MODIFIER=(base) PYTHONPATH=/home/pikapika/ros2_ws/src/mypkg/build/mypkg/prefix_override:/usr/lib/python3/dist-packages/colcon_core/task/python/colcon_distutils_commands:/home/pikapika/ros2_ws/src/mypkg/install/mypkg/lib/python3.10/site-packages:${PYTHONPATH} /usr/bin/python3 -W ignore:setup.py install is deprecated -W ignore:easy_install command is deprecated setup.py egg_info --egg-base build/mypkg build --build-base /home/pikapika/ros2_ws/src/mypkg/build/mypkg/build install --record /home/pikapika/ros2_ws/src/mypkg/build/mypkg/install.log --single-version-externally-managed install_data
[4.203s] Level 1:colcon.colcon_core.environment:checking '/home/pikapika/ros2_ws/src/mypkg/install/mypkg' for CMake module files
[4.204s] Level 1:colcon.colcon_core.environment:checking '/home/pikapika/ros2_ws/src/mypkg/install/mypkg' for CMake config files
[4.213s] Level 1:colcon.colcon_core.environment:checking '/home/pikapika/ros2_ws/src/mypkg/install/mypkg/lib'
[4.214s] Level 1:colcon.colcon_core.environment:checking '/home/pikapika/ros2_ws/src/mypkg/install/mypkg/bin'
[4.214s] Level 1:colcon.colcon_core.environment:checking '/home/pikapika/ros2_ws/src/mypkg/install/mypkg/lib/pkgconfig/mypkg.pc'
[4.215s] Level 1:colcon.colcon_core.environment:checking '/home/pikapika/ros2_ws/src/mypkg/install/mypkg/lib/python3.10/site-packages'
[4.215s] Level 1:colcon.colcon_core.shell:create_environment_hook('mypkg', 'pythonpath')
[4.215s] INFO:colcon.colcon_core.shell:Creating environment hook '/home/pikapika/ros2_ws/src/mypkg/install/mypkg/share/mypkg/hook/pythonpath.ps1'
[4.216s] INFO:colcon.colcon_core.shell:Creating environment descriptor '/home/pikapika/ros2_ws/src/mypkg/install/mypkg/share/mypkg/hook/pythonpath.dsv'
[4.217s] INFO:colcon.colcon_core.shell:Creating environment hook '/home/pikapika/ros2_ws/src/mypkg/install/mypkg/share/mypkg/hook/pythonpath.sh'
[4.218s] Level 1:colcon.colcon_core.environment:checking '/home/pikapika/ros2_ws/src/mypkg/install/mypkg/bin'
[4.218s] Level 1:colcon.colcon_core.environment:create_environment_scripts_only(mypkg)
[4.219s] INFO:colcon.colcon_core.shell:Creating package script '/home/pikapika/ros2_ws/src/mypkg/install/mypkg/share/mypkg/package.ps1'
[4.222s] INFO:colcon.colcon_core.shell:Creating package descriptor '/home/pikapika/ros2_ws/src/mypkg/install/mypkg/share/mypkg/package.dsv'
[4.225s] INFO:colcon.colcon_core.shell:Creating package script '/home/pikapika/ros2_ws/src/mypkg/install/mypkg/share/mypkg/package.sh'
[4.227s] INFO:colcon.colcon_core.shell:Creating package script '/home/pikapika/ros2_ws/src/mypkg/install/mypkg/share/mypkg/package.bash'
[4.229s] INFO:colcon.colcon_core.shell:Creating package script '/home/pikapika/ros2_ws/src/mypkg/install/mypkg/share/mypkg/package.zsh'
[4.231s] Level 1:colcon.colcon_core.environment:create_file_with_runtime_dependencies(/home/pikapika/ros2_ws/src/mypkg/install/mypkg/share/colcon-core/packages/mypkg)
[4.233s] DEBUG:colcon.colcon_parallel_executor.executor.parallel:closing loop
[4.234s] DEBUG:colcon.colcon_parallel_executor.executor.parallel:loop closed
[4.235s] DEBUG:colcon.colcon_parallel_executor.executor.parallel:run_until_complete finished with '0'
[4.235s] DEBUG:colcon.colcon_core.event_reactor:joining thread
[4.312s] INFO:colcon.colcon_core.plugin_system:Skipping extension 'colcon_notification.desktop_notification.notify_send': Could not find 'notify-send'
[4.313s] INFO:colcon.colcon_core.plugin_system:Skipping extension 'colcon_notification.desktop_notification.terminal_notifier': Not used on non-Darwin systems
[4.313s] INFO:colcon.colcon_core.plugin_system:Skipping extension 'colcon_notification.desktop_notification.win32': Not used on non-Windows systems
[4.313s] INFO:colcon.colcon_notification.desktop_notification:Sending desktop notification using 'notify2'
[4.313s] DEBUG:colcon.colcon_notification.desktop_notification.notify2:Failed to initialize notify2: org.freedesktop.DBus.Error.FileNotFound: Failed to connect to socket /run/user/1000/bus: No such file or directory
[4.313s] DEBUG:colcon.colcon_core.event_reactor:joined thread
[4.314s] INFO:colcon.colcon_core.shell:Creating prefix script '/home/pikapika/ros2_ws/src/mypkg/install/local_setup.ps1'
[4.317s] INFO:colcon.colcon_core.shell:Creating prefix util module '/home/pikapika/ros2_ws/src/mypkg/install/_local_setup_util_ps1.py'
[4.320s] INFO:colcon.colcon_core.shell:Creating prefix chain script '/home/pikapika/ros2_ws/src/mypkg/install/setup.ps1'
[4.324s] INFO:colcon.colcon_core.shell:Creating prefix script '/home/pikapika/ros2_ws/src/mypkg/install/local_setup.sh'
[4.326s] INFO:colcon.colcon_core.shell:Creating prefix util module '/home/pikapika/ros2_ws/src/mypkg/install/_local_setup_util_sh.py'
[4.327s] INFO:colcon.colcon_core.shell:Creating prefix chain script '/home/pikapika/ros2_ws/src/mypkg/install/setup.sh'
[4.330s] INFO:colcon.colcon_core.shell:Creating prefix script '/home/pikapika/ros2_ws/src/mypkg/install/local_setup.bash'
[4.332s] INFO:colcon.colcon_core.shell:Creating prefix chain script '/home/pikapika/ros2_ws/src/mypkg/install/setup.bash'
[4.335s] INFO:colcon.colcon_core.shell:Creating prefix script '/home/pikapika/ros2_ws/src/mypkg/install/local_setup.zsh'
[4.336s] INFO:colcon.colcon_core.shell:Creating prefix chain script '/home/pikapika/ros2_ws/src/mypkg/install/setup.zsh'
