[1.758s] Invoking command in '/home/pikapika/ros2_ws/src/mypkg': CONDA_PROMPT_MODIFIER=(base) PYTHONPATH=/home/pikapika/ros2_ws/src/mypkg/build/mypkg/prefix_override:/usr/lib/python3/dist-packages/colcon_core/task/python/colcon_distutils_commands:/home/pikapika/ros2_ws/src/mypkg/install/mypkg/lib/python3.10/site-packages:${PYTHONPATH} /usr/bin/python3 -W ignore:setup.py install is deprecated -W ignore:easy_install command is deprecated setup.py egg_info --egg-base build/mypkg build --build-base /home/pikapika/ros2_ws/src/mypkg/build/mypkg/build install --record /home/pikapika/ros2_ws/src/mypkg/build/mypkg/install.log --single-version-externally-managed install_data
[2.214s] running egg_info
[2.216s] writing build/mypkg/mypkg.egg-info/PKG-INFO
[2.217s] writing dependency_links to build/mypkg/mypkg.egg-info/dependency_links.txt
[2.217s] writing entry points to build/mypkg/mypkg.egg-info/entry_points.txt
[2.218s] writing requirements to build/mypkg/mypkg.egg-info/requires.txt
[2.218s] writing top-level names to build/mypkg/mypkg.egg-info/top_level.txt
[2.222s] reading manifest file 'build/mypkg/mypkg.egg-info/SOURCES.txt'
[2.225s] writing manifest file 'build/mypkg/mypkg.egg-info/SOURCES.txt'
[2.226s] running build
[2.226s] running build_py
[2.227s] running install
[2.227s] running install_lib
[2.231s] running install_data
[2.232s] creating /home/pikapika/ros2_ws/src/mypkg/install/mypkg/share/mypkg/launch
[2.234s] copying launch/talk_listen.launch.py -> /home/pikapika/ros2_ws/src/mypkg/install/mypkg/share/mypkg/launch
[2.235s] running install_egg_info
[2.238s] removing '/home/pikapika/ros2_ws/src/mypkg/install/mypkg/lib/python3.10/site-packages/mypkg-0.0.0-py3.10.egg-info' (and everything under it)
[2.240s] Copying build/mypkg/mypkg.egg-info to /home/pikapika/ros2_ws/src/mypkg/install/mypkg/lib/python3.10/site-packages/mypkg-0.0.0-py3.10.egg-info
[2.244s] running install_scripts
[2.284s] writing list of installed files to '/home/pikapika/ros2_ws/src/mypkg/build/mypkg/install.log'
[2.328s] Invoked command in '/home/pikapika/ros2_ws/src/mypkg' returned '0': CONDA_PROMPT_MODIFIER=(base) PYTHONPATH=/home/pikapika/ros2_ws/src/mypkg/build/mypkg/prefix_override:/usr/lib/python3/dist-packages/colcon_core/task/python/colcon_distutils_commands:/home/pikapika/ros2_ws/src/mypkg/install/mypkg/lib/python3.10/site-packages:${PYTHONPATH} /usr/bin/python3 -W ignore:setup.py install is deprecated -W ignore:easy_install command is deprecated setup.py egg_info --egg-base build/mypkg build --build-base /home/pikapika/ros2_ws/src/mypkg/build/mypkg/build install --record /home/pikapika/ros2_ws/src/mypkg/build/mypkg/install.log --single-version-externally-managed install_data
