[1.539s] Invoking command in '/home/pikapika/ros2_ws/src/mypkg': CONDA_PROMPT_MODIFIER=(base) PYTHONPATH=/home/pikapika/ros2_ws/src/mypkg/build/mypkg/prefix_override:/usr/lib/python3/dist-packages/colcon_core/task/python/colcon_distutils_commands:/home/pikapika/ros2_ws/src/mypkg/install/mypkg/lib/python3.10/site-packages:${PYTHONPATH} /usr/bin/python3 -W ignore:setup.py install is deprecated -W ignore:easy_install command is deprecated setup.py egg_info --egg-base build/mypkg build --build-base /home/pikapika/ros2_ws/src/mypkg/build/mypkg/build install --record /home/pikapika/ros2_ws/src/mypkg/build/mypkg/install.log --single-version-externally-managed install_data
[1.975s] running egg_info
[1.976s] writing build/mypkg/mypkg.egg-info/PKG-INFO
[1.978s] writing dependency_links to build/mypkg/mypkg.egg-info/dependency_links.txt
[1.979s] writing entry points to build/mypkg/mypkg.egg-info/entry_points.txt
[1.979s] writing requirements to build/mypkg/mypkg.egg-info/requires.txt
[1.980s] writing top-level names to build/mypkg/mypkg.egg-info/top_level.txt
[1.983s] reading manifest file 'build/mypkg/mypkg.egg-info/SOURCES.txt'
[1.985s] writing manifest file 'build/mypkg/mypkg.egg-info/SOURCES.txt'
[1.985s] running build
[1.985s] running build_py
[1.987s] running install
[1.988s] running install_lib
[1.990s] running install_data
[1.992s] running install_egg_info
[1.995s] removing '/home/pikapika/ros2_ws/src/mypkg/install/mypkg/lib/python3.10/site-packages/mypkg-0.0.0-py3.10.egg-info' (and everything under it)
[1.997s] Copying build/mypkg/mypkg.egg-info to /home/pikapika/ros2_ws/src/mypkg/install/mypkg/lib/python3.10/site-packages/mypkg-0.0.0-py3.10.egg-info
[2.001s] running install_scripts
[2.036s] writing list of installed files to '/home/pikapika/ros2_ws/src/mypkg/build/mypkg/install.log'
[2.073s] Invoked command in '/home/pikapika/ros2_ws/src/mypkg' returned '0': CONDA_PROMPT_MODIFIER=(base) PYTHONPATH=/home/pikapika/ros2_ws/src/mypkg/build/mypkg/prefix_override:/usr/lib/python3/dist-packages/colcon_core/task/python/colcon_distutils_commands:/home/pikapika/ros2_ws/src/mypkg/install/mypkg/lib/python3.10/site-packages:${PYTHONPATH} /usr/bin/python3 -W ignore:setup.py install is deprecated -W ignore:easy_install command is deprecated setup.py egg_info --egg-base build/mypkg build --build-base /home/pikapika/ros2_ws/src/mypkg/build/mypkg/build install --record /home/pikapika/ros2_ws/src/mypkg/build/mypkg/install.log --single-version-externally-managed install_data
