[1.827s] Invoking command in '/home/pikapika/ros2_ws/src/mypkg': CONDA_PROMPT_MODIFIER=(base) PYTHONPATH=/home/pikapika/ros2_ws/src/mypkg/build/mypkg/prefix_override:/usr/lib/python3/dist-packages/colcon_core/task/python/colcon_distutils_commands:/home/pikapika/ros2_ws/src/mypkg/install/mypkg/lib/python3.10/site-packages:${PYTHONPATH} /usr/bin/python3 -W ignore:setup.py install is deprecated -W ignore:easy_install command is deprecated setup.py egg_info --egg-base build/mypkg build --build-base /home/pikapika/ros2_ws/src/mypkg/build/mypkg/build install --record /home/pikapika/ros2_ws/src/mypkg/build/mypkg/install.log --single-version-externally-managed install_data
[2.303s] running egg_info
[2.304s] creating build/mypkg/mypkg.egg-info
[2.306s] writing build/mypkg/mypkg.egg-info/PKG-INFO
[2.306s] writing dependency_links to build/mypkg/mypkg.egg-info/dependency_links.txt
[2.307s] writing entry points to build/mypkg/mypkg.egg-info/entry_points.txt
[2.307s] writing requirements to build/mypkg/mypkg.egg-info/requires.txt
[2.308s] writing top-level names to build/mypkg/mypkg.egg-info/top_level.txt
[2.308s] writing manifest file 'build/mypkg/mypkg.egg-info/SOURCES.txt'
[2.311s] reading manifest file 'build/mypkg/mypkg.egg-info/SOURCES.txt'
[2.313s] writing manifest file 'build/mypkg/mypkg.egg-info/SOURCES.txt'
[2.314s] running build
[2.314s] running build_py
[2.314s] creating /home/pikapika/ros2_ws/src/mypkg/build/mypkg/build
[2.322s] creating /home/pikapika/ros2_ws/src/mypkg/build/mypkg/build/lib
[2.323s] creating /home/pikapika/ros2_ws/src/mypkg/build/mypkg/build/lib/mypkg
[2.325s] copying mypkg/__init__.py -> /home/pikapika/ros2_ws/src/mypkg/build/mypkg/build/lib/mypkg
[2.325s] running install
[2.326s] running install_lib
[2.328s] creating /home/pikapika/ros2_ws/src/mypkg/install/mypkg/lib/python3.10/site-packages/mypkg
[2.329s] copying /home/pikapika/ros2_ws/src/mypkg/build/mypkg/build/lib/mypkg/__init__.py -> /home/pikapika/ros2_ws/src/mypkg/install/mypkg/lib/python3.10/site-packages/mypkg
[2.330s] byte-compiling /home/pikapika/ros2_ws/src/mypkg/install/mypkg/lib/python3.10/site-packages/mypkg/__init__.py to __init__.cpython-310.pyc
[2.332s] running install_data
[2.332s] creating /home/pikapika/ros2_ws/src/mypkg/install/mypkg/share/ament_index
[2.333s] creating /home/pikapika/ros2_ws/src/mypkg/install/mypkg/share/ament_index/resource_index
[2.334s] creating /home/pikapika/ros2_ws/src/mypkg/install/mypkg/share/ament_index/resource_index/packages
[2.335s] copying resource/mypkg -> /home/pikapika/ros2_ws/src/mypkg/install/mypkg/share/ament_index/resource_index/packages
[2.335s] copying package.xml -> /home/pikapika/ros2_ws/src/mypkg/install/mypkg/share/mypkg
[2.336s] copying launch/talk_listen.launch.py -> /home/pikapika/ros2_ws/src/mypkg/install/mypkg/share/mypkg
[2.336s] running install_egg_info
[2.340s] Copying build/mypkg/mypkg.egg-info to /home/pikapika/ros2_ws/src/mypkg/install/mypkg/lib/python3.10/site-packages/mypkg-0.0.0-py3.10.egg-info
[2.344s] running install_scripts
[2.388s] writing list of installed files to '/home/pikapika/ros2_ws/src/mypkg/build/mypkg/install.log'
[2.433s] Invoked command in '/home/pikapika/ros2_ws/src/mypkg' returned '0': CONDA_PROMPT_MODIFIER=(base) PYTHONPATH=/home/pikapika/ros2_ws/src/mypkg/build/mypkg/prefix_override:/usr/lib/python3/dist-packages/colcon_core/task/python/colcon_distutils_commands:/home/pikapika/ros2_ws/src/mypkg/install/mypkg/lib/python3.10/site-packages:${PYTHONPATH} /usr/bin/python3 -W ignore:setup.py install is deprecated -W ignore:easy_install command is deprecated setup.py egg_info --egg-base build/mypkg build --build-base /home/pikapika/ros2_ws/src/mypkg/build/mypkg/build install --record /home/pikapika/ros2_ws/src/mypkg/build/mypkg/install.log --single-version-externally-managed install_data
